
> portfolio-website@0.1.0 build
> next build

  Γû▓ Next.js 14.2.33

   Creating an optimized production build ...
node.exe : Failed to compile.
At C:\Program 
Files\nodejs\npm.ps1:29 
char:3
+   & $NODE_EXE $NPM_CLI_JS 
$args
+   
~~~~~~~~~~~~~~~~~~~~~~~~~~~~~
    + CategoryInfo           
   : NotSpecified: (Failed   
  to compile.:String) [],    
 RemoteException
    + FullyQualifiedErrorId  
   : NativeCommandError
 

./app/page.tsx
Module not found: Can't 
resolve '../components/Hero'

https://nextjs.org/docs/messa
ges/module-not-found

./components/ui/spline.tsx
Module not found: Package 
path . is not exported from 
package C:\Users\Taimoor\Desk
top\MWP\node_modules\@splinet
ool\react-spline (see 
exports field in C:\Users\Tai
moor\Desktop\MWP\node_modules
\@splinetool\react-spline\pac
kage.json)

https://nextjs.org/docs/messa
ges/module-not-found

Import trace for requested 
module:
./components/SplineSceneBasic
.tsx
./app/spline-demo/page.tsx


> Build failed because of 
webpack errors
