App.tsx(3,22): error TS2307: Cannot find module './components/Hero' or its corresponding type declarations.
app/page.tsx(25,35): error TS2307: Cannot find module '../components/Hero' or its corresponding type declarations.
